J 32
ADD x0, x0
ADD x0, x0
ADD x0, x0
ADD x0, x0
ADD x0, x0
ADD x0, x0
ADD x0, x0
ADD x0, x0
ADD x0, x0
ADD x0, x0
ADD x0, x0
ADD x0, x0
ADD x0, x0
ADD x0, x0
ADD x0, x0
LUI x1, 0x012
ADD x2, x1
AUIPC x3, 0x001
ADD x4, x3
ECALL 10    # ProgramExit
ADD x0, x0
ADD x0, x0
ADD x0, x0
ADD x0, x0