J 32
ADD x0, x0
ADD x0, x0
ADD x0, x0
ADD x0, x0
ADD x0, x0
ADD x0, x0
ADD x0, x0
ADD x0, x0
ADD x0, x0
ADD x0, x0
ADD x0, x0
ADD x0, x0
ADD x0, x0
ADD x0, x0
ADD x0, x0
LUI x6, 0x080
ADDI x6, 0x00
LI x7, 0x14
ECALL 1    # ReadString
ECALL 3    # PrintString
ECALL 10    # ProgramExit
ADD x0, x0
ADD x0, x0
ADD x0, x0